// Jest Snapshot v1, https://goo.gl/fbAQLP

exports[`should test ingredient list should match list snapshot 1`] = `
<ul
  class="recipeList"
  data-testid="recipes"
>
  <li
    class="recipeList__item"
  >
    <img
      alt="recipe preview"
      class="recipeList__item--img"
      src="https://spoonacular.com/recipeImages/509531-312x231.jpg"
    />
    <h1
      class="recipeList__item--title"
    >
      Enchilada Chicken Mango Salad
    </h1>
  </li>
  <li
    class="recipeList__item"
  >
    <img
      alt="recipe preview"
      class="recipeList__item--img"
      src="https://spoonacular.com/recipeImages/16513-312x231.jpg"
    />
    <h1
      class="recipeList__item--title"
    >
      Chicken, Sundried Tomatoes And Lettuce
    </h1>
  </li>
</ul>
`;
